// Jest Snapshot v1, https://goo.gl/fbAQLP

exports[`char_at with non nonnegative integer second argument errors: expectParsedError 1`] = `
Object {
  "alertResult": Array [],
  "code": "char_at('', -1);",
  "displayResult": Array [],
  "errors": Array [
    ExceptionError {
      "error": [Error: char_at expects the second argument to be a nonnegative integer.],
      "location": SourceLocation {
        "end": Position {
          "column": 15,
          "line": 1,
        },
        "start": Position {
          "column": 0,
          "line": 1,
        },
      },
      "severity": "Error",
      "type": "Runtime",
    },
  ],
  "parsedErrors": "Line 1: Error: char_at expects the second argument to be a nonnegative integer.",
  "result": undefined,
  "resultStatus": "error",
  "visualiseListResult": Array [],
}
`;

exports[`char_at with non nonnegative integer second argument errors: expectParsedError 2`] = `
Object {
  "alertResult": Array [],
  "code": "char_at('', \\"\\");",
  "displayResult": Array [],
  "errors": Array [
    ExceptionError {
      "error": [Error: char_at expects the second argument to be a nonnegative integer.],
      "location": SourceLocation {
        "end": Position {
          "column": 15,
          "line": 1,
        },
        "start": Position {
          "column": 0,
          "line": 1,
        },
      },
      "severity": "Error",
      "type": "Runtime",
    },
  ],
  "parsedErrors": "Line 1: Error: char_at expects the second argument to be a nonnegative integer.",
  "result": undefined,
  "resultStatus": "error",
  "visualiseListResult": Array [],
}
`;

exports[`char_at with non string first argument errors: expectParsedError 1`] = `
Object {
  "alertResult": Array [],
  "code": "char_at(42, 123);",
  "displayResult": Array [],
  "errors": Array [
    ExceptionError {
      "error": [Error: char_at expects the first argument to be a string.],
      "location": SourceLocation {
        "end": Position {
          "column": 16,
          "line": 1,
        },
        "start": Position {
          "column": 0,
          "line": 1,
        },
      },
      "severity": "Error",
      "type": "Runtime",
    },
  ],
  "parsedErrors": "Line 1: Error: char_at expects the first argument to be a string.",
  "result": undefined,
  "resultStatus": "error",
  "visualiseListResult": Array [],
}
`;

exports[`char_at with valid args (but index out of bounds) returns undefined: expectResult 1`] = `
Object {
  "alertResult": Array [],
  "code": "char_at(\\"123\\", 3);",
  "displayResult": Array [],
  "errors": Array [],
  "parsedErrors": "",
  "result": undefined,
  "resultStatus": "finished",
  "visualiseListResult": Array [],
}
`;

exports[`char_at with valid args is ok: expectResult 1`] = `
Object {
  "alertResult": Array [],
  "code": "char_at(\\"123\\", 0);",
  "displayResult": Array [],
  "errors": Array [],
  "parsedErrors": "",
  "result": "1",
  "resultStatus": "finished",
  "visualiseListResult": Array [],
}
`;

exports[`parse_int with non-integer arg radix throws error: expectParsedError 1`] = `
Object {
  "alertResult": Array [],
  "code": "parse_int(42, 2.1);",
  "displayResult": Array [],
  "errors": Array [
    ExceptionError {
      "error": [Error: parse_int expects two arguments a string s, and a positive integer i between 2 and 36, inclusive.],
      "location": SourceLocation {
        "end": Position {
          "column": 18,
          "line": 1,
        },
        "start": Position {
          "column": 0,
          "line": 1,
        },
      },
      "severity": "Error",
      "type": "Runtime",
    },
  ],
  "parsedErrors": "Line 1: Error: parse_int expects two arguments a string s, and a positive integer i between 2 and 36, inclusive.",
  "result": undefined,
  "resultStatus": "error",
  "visualiseListResult": Array [],
}
`;

exports[`parse_int with non-string arg str throws error: expectParsedError 1`] = `
Object {
  "alertResult": Array [],
  "code": "parse_int(42, 2);",
  "displayResult": Array [],
  "errors": Array [
    ExceptionError {
      "error": [Error: parse_int expects two arguments a string s, and a positive integer i between 2 and 36, inclusive.],
      "location": SourceLocation {
        "end": Position {
          "column": 16,
          "line": 1,
        },
        "start": Position {
          "column": 0,
          "line": 1,
        },
      },
      "severity": "Error",
      "type": "Runtime",
    },
  ],
  "parsedErrors": "Line 1: Error: parse_int expects two arguments a string s, and a positive integer i between 2 and 36, inclusive.",
  "result": undefined,
  "resultStatus": "error",
  "visualiseListResult": Array [],
}
`;

exports[`parse_int with radix outside [2, 36] throws error, radix=1: expectParsedError 1`] = `
Object {
  "alertResult": Array [],
  "code": "parse_int('10', 1);",
  "displayResult": Array [],
  "errors": Array [
    ExceptionError {
      "error": [Error: parse_int expects two arguments a string s, and a positive integer i between 2 and 36, inclusive.],
      "location": SourceLocation {
        "end": Position {
          "column": 18,
          "line": 1,
        },
        "start": Position {
          "column": 0,
          "line": 1,
        },
      },
      "severity": "Error",
      "type": "Runtime",
    },
  ],
  "parsedErrors": "Line 1: Error: parse_int expects two arguments a string s, and a positive integer i between 2 and 36, inclusive.",
  "result": undefined,
  "resultStatus": "error",
  "visualiseListResult": Array [],
}
`;

exports[`parse_int with radix outside [2, 36] throws error, radix=37: expectParsedError 1`] = `
Object {
  "alertResult": Array [],
  "code": "parse_int('10', 37);",
  "displayResult": Array [],
  "errors": Array [
    ExceptionError {
      "error": [Error: parse_int expects two arguments a string s, and a positive integer i between 2 and 36, inclusive.],
      "location": SourceLocation {
        "end": Position {
          "column": 19,
          "line": 1,
        },
        "start": Position {
          "column": 0,
          "line": 1,
        },
      },
      "severity": "Error",
      "type": "Runtime",
    },
  ],
  "parsedErrors": "Line 1: Error: parse_int expects two arguments a string s, and a positive integer i between 2 and 36, inclusive.",
  "result": undefined,
  "resultStatus": "error",
  "visualiseListResult": Array [],
}
`;

exports[`parse_int with string arg radix throws error: expectParsedError 1`] = `
Object {
  "alertResult": Array [],
  "code": "parse_int(42, '2');",
  "displayResult": Array [],
  "errors": Array [
    ExceptionError {
      "error": [Error: parse_int expects two arguments a string s, and a positive integer i between 2 and 36, inclusive.],
      "location": SourceLocation {
        "end": Position {
          "column": 18,
          "line": 1,
        },
        "start": Position {
          "column": 0,
          "line": 1,
        },
      },
      "severity": "Error",
      "type": "Runtime",
    },
  ],
  "parsedErrors": "Line 1: Error: parse_int expects two arguments a string s, and a positive integer i between 2 and 36, inclusive.",
  "result": undefined,
  "resultStatus": "error",
  "visualiseListResult": Array [],
}
`;

exports[`parse_int with valid args is ok, but invalid str for radix: expectResult 1`] = `
Object {
  "alertResult": Array [],
  "code": "parse_int('uu1', 2);",
  "displayResult": Array [],
  "errors": Array [],
  "parsedErrors": "",
  "pretranspiled": "",
  "result": NaN,
  "resultStatus": "finished",
  "transpiled": "const native = nativeStorage;
const callIfFuncAndRightArgs = native.operators.get(\\"callIfFuncAndRightArgs\\");
const boolOrErr = native.operators.get(\\"boolOrErr\\");
const wrap = native.operators.get(\\"wrap\\");
const unaryOp = native.operators.get(\\"unaryOp\\");
const binaryOp = native.operators.get(\\"binaryOp\\");
const throwIfTimeout = native.operators.get(\\"throwIfTimeout\\");
const setProp = native.operators.get(\\"setProp\\");
const getProp = native.operators.get(\\"getProp\\");
let lastStatementResult = undefined;
const globals = native.globals;
{
  {
    lastStatementResult = eval(\\"callIfFuncAndRightArgs(parse_int, 1, 0, 'uu1', 2);\\");
  }
}
lastStatementResult;
",
  "visualiseListResult": Array [],
}
`;

exports[`parse_int with valid args is ok, radix 2: expectResult 1`] = `
Object {
  "alertResult": Array [],
  "code": "parse_int('1100101010101', 2);",
  "displayResult": Array [],
  "errors": Array [],
  "parsedErrors": "",
  "pretranspiled": "",
  "result": 6485,
  "resultStatus": "finished",
  "transpiled": "const native = nativeStorage;
const callIfFuncAndRightArgs = native.operators.get(\\"callIfFuncAndRightArgs\\");
const boolOrErr = native.operators.get(\\"boolOrErr\\");
const wrap = native.operators.get(\\"wrap\\");
const unaryOp = native.operators.get(\\"unaryOp\\");
const binaryOp = native.operators.get(\\"binaryOp\\");
const throwIfTimeout = native.operators.get(\\"throwIfTimeout\\");
const setProp = native.operators.get(\\"setProp\\");
const getProp = native.operators.get(\\"getProp\\");
let lastStatementResult = undefined;
const globals = native.globals;
{
  {
    lastStatementResult = eval(\\"callIfFuncAndRightArgs(parse_int, 1, 0, '1100101010101', 2);\\");
  }
}
lastStatementResult;
",
  "visualiseListResult": Array [],
}
`;

exports[`parse_int with valid args is ok, radix 36: expectResult 1`] = `
Object {
  "alertResult": Array [],
  "code": "parse_int('uu1', 36);",
  "displayResult": Array [],
  "errors": Array [],
  "parsedErrors": "",
  "pretranspiled": "",
  "result": 39961,
  "resultStatus": "finished",
  "transpiled": "const native = nativeStorage;
const callIfFuncAndRightArgs = native.operators.get(\\"callIfFuncAndRightArgs\\");
const boolOrErr = native.operators.get(\\"boolOrErr\\");
const wrap = native.operators.get(\\"wrap\\");
const unaryOp = native.operators.get(\\"unaryOp\\");
const binaryOp = native.operators.get(\\"binaryOp\\");
const throwIfTimeout = native.operators.get(\\"throwIfTimeout\\");
const setProp = native.operators.get(\\"setProp\\");
const getProp = native.operators.get(\\"getProp\\");
let lastStatementResult = undefined;
const globals = native.globals;
{
  {
    lastStatementResult = eval(\\"callIfFuncAndRightArgs(parse_int, 1, 0, 'uu1', 36);\\");
  }
}
lastStatementResult;
",
  "visualiseListResult": Array [],
}
`;
